AREA .  .ABS.
	RADIX HEX
	BASE 0000
	SIZE 0000
	ATTRIB ABS OVR
	GLOBALS
		s__HEADERf	0000
		l__CABS	0000
		l__DABS	0000
		l__HEAP	0000
		s__CABS	0000
		s__HEADER0	0000
		s__DABS	0000
		s__HEADER1	0000
		l_.  .ABS.	0000
		s__HEADER2	0000
		s__HEADER3	0000
		s__SFR1a	0000
		l__GSFINAL	0000
		s__HEADER4	0000
		s__SFR2a	0000
		s__SFR1b	0000
		s__HEADER5	0000
		s__SFR2b	0000
		s__SFR1c	0000
		s__HEADER6	0000
		s__SFR2c	0000
		s__SFR1d	0000
		s__HEADER7	0000
		s__SFR2d	0000
		s__SFR1e	0000
		l__HRAM	0000
		s__HEADER8	0000
		s_.  .ABS.	0000
		s__SFR2e	0000
		s__SFR1f	0000
		s__HEADER9	0000
		l__HEADER	0000
		s__SFR2f	0000
		s__HRAM	0000
		s__HEADER	0000
		s__SFR10	0000
		s__SFRa	0000
		s__SFR20	0000
		s__SFR11	0000
		s__SFRb	0000
		s__SFR30	0000
		s__SFR21	0000
		s__SFR12	0000
		s__SFRc	0000
		s__SFR31	0000
		s__SFR22	0000
		s__SFR13	0000
		s__SFRd	0000
		s__SFR32	0000
		s__SFR23	0000
		s__SFR14	0000
		s__SFRe	0000
		s__SFR33	0000
		s__SFR24	0000
		s__SFR15	0000
		s__SFRf	0000
		.init	0000
		s__SFR34	0000
		s__SFR25	0000
		s__SFR16	0000
		s__SFR35	0000
		s__SFR26	0000
		s__SFR17	0000
		s__SFR36	0000
		s__SFR27	0000
		s__SFR18	0000
		s__SFR28	0000
		s__SFR19	0000
		s__SFR29	0000
		s__SFR0	0000
		s__SFR1	0000
		s__SFR2	0000
		s__SFR3	0000
		s__SFR4	0000
		s__SFR5	0000
		s__SFR6	0000
		s__SFR7	0000
		l__LIT	0000
		s__SFR8	0000
		s__SFR9	0000
		l__SFR	0000
		s__HEADER10	0000
		s__HEADERa	0000
		s__SFR	0000
		s__HEADER11	0000
		s__HEADERb	0000
		s__HRAM13	0000
		s__HEADER12	0000
		s__HEADERc	0000
		s__HEADERd	0000
		s__HEADERe	0000
		l__HEADER0	0001
		l__SFR1a	0001
		l__SFR2a	0001
		l__SFR1b	0001
		l__SFR2b	0001
		l__SFR1c	0001
		l__SFR2c	0001
		l__SFR1d	0001
		l__SFR2d	0001
		l__SFR1e	0001
		l__SFR2e	0001
		l__SFR1f	0001
		l__SFR2f	0001
		l__SFR10	0001
		l__SFRa	0001
		l__SFR20	0001
		l__SFR11	0001
		l__SFRb	0001
		l__SFR30	0001
		l__SFR21	0001
		l__SFR12	0001
		l__SFRc	0001
		l__SFR31	0001
		l__SFR22	0001
		l__SFR13	0001
		l__SFRd	0001
		l__SFR32	0001
		l__SFR23	0001
		l__SFR14	0001
		l__SFRe	0001
		l__SFR33	0001
		l__SFR24	0001
		l__SFR15	0001
		l__SFRf	0001
		l__SFR34	0001
		l__SFR25	0001
		l__SFR16	0001
		l__SFR35	0001
		l__SFR26	0001
		l__SFR17	0001
		l__SFR36	0001
		l__SFR27	0001
		l__SFR18	0001
		l__SFR28	0001
		l__SFR19	0001
		l__SFR29	0001
		l__GSINITTAIL	0001
		l__SFR0	0001
		l__SFR1	0001
		l__SFR2	0001
		l__SFR3	0001
		l__SFR4	0001
		l__SFR5	0001
		l__SFR6	0001
		l__SFR7	0001
		l__SFR8	0001
		l__SFR9	0001
		l__HEADERa	0001
		l__HEADERb	0001
		l__HRAM13	0001
		l__HEADER12	0001
		l__HEADERc	0001
		l__HEADERe	0001
		l__HEADERf	0001
		l__HEADER10	0002
		l__HEADERd	0002
		l__HEADER9	0003
		l__HEADER8	0006
		l__HEADER2	0008
		l__HEADER3	0008
		l__HEADER4	0008
		l__HEADER5	0008
		l__HEADER1	0010
		l__HEADER6	0025
		l__DATA	0033
		l__HEADER7	0034
		l__BSS	0058
		l__HEADER11	0083
		l__GSINIT	00B8
		l__BASE	019A
		l__HOME	01A8
		s__CODE	0200
		l__CODE	35D3
		s__HOME	37D3
		s__BASE	397B
		s__LIT	3B15
		s__GSINIT	3B15
		s__GSINITTAIL	3BCD
		s__GSFINAL	3BCE
		.OAM	C000
		s__DATA	C0A0
		s__BSS	C0D3
		s__HEAP	C12B
		.STACK	E000
		.refresh_OAM	FF80
AREA _CODE
	RADIX HEX
	BASE 0200
	SIZE 35D3
	ATTRIB REL CON
	GLOBALS
		_spawnTetromino	0200
		_moveTetromino	0B9F
		_rotateClockwise	0D3C
		_delayMethod	3660
		_spritepalette	3670
		_main	36A8
		_set_sprite_palette_entry	374C
		_set_bkg_palette_entry	3751
		.set_palette_entry	3754
		_cpu_slow	3770
		_cpu_fast	378B
		_cgb_compatibility	3792
AREA _HEADER0
	RADIX HEX
	BASE 0000
	SIZE 0001
	ATTRIB ABS CON
AREA _HEADER1
	RADIX HEX
	BASE 0000
	SIZE 0010
	ATTRIB ABS CON
AREA _HEADER2
	RADIX HEX
	BASE 0000
	SIZE 0008
	ATTRIB ABS CON
AREA _HEADER3
	RADIX HEX
	BASE 0000
	SIZE 0008
	ATTRIB ABS CON
AREA _HEADER4
	RADIX HEX
	BASE 0000
	SIZE 0008
	ATTRIB ABS CON
AREA _HEADER5
	RADIX HEX
	BASE 0000
	SIZE 0008
	ATTRIB ABS CON
AREA _HEADER6
	RADIX HEX
	BASE 0000
	SIZE 0025
	ATTRIB ABS CON
AREA _HEADER7
	RADIX HEX
	BASE 0000
	SIZE 0034
	ATTRIB ABS CON
AREA _HEADER8
	RADIX HEX
	BASE 0000
	SIZE 0006
	ATTRIB ABS CON
AREA _HEADER9
	RADIX HEX
	BASE 0000
	SIZE 0003
	ATTRIB ABS CON
AREA _HEADERa
	RADIX HEX
	BASE 0000
	SIZE 0001
	ATTRIB ABS CON
AREA _HEADERb
	RADIX HEX
	BASE 0000
	SIZE 0001
	ATTRIB ABS CON
AREA _HEADERc
	RADIX HEX
	BASE 0000
	SIZE 0001
	ATTRIB ABS CON
AREA _HEADERd
	RADIX HEX
	BASE 0000
	SIZE 0002
	ATTRIB ABS CON
AREA _HEADERe
	RADIX HEX
	BASE 0000
	SIZE 0001
	ATTRIB ABS CON
AREA _HEADERf
	RADIX HEX
	BASE 0000
	SIZE 0001
	ATTRIB ABS CON
AREA _HEADER10
	RADIX HEX
	BASE 0000
	SIZE 0002
	ATTRIB ABS CON
AREA _HEADER11
	RADIX HEX
	BASE 0000
	SIZE 0083
	ATTRIB ABS CON
	GLOBALS
		_exit	01D0
AREA _HEADER12
	RADIX HEX
	BASE 0000
	SIZE 0001
	ATTRIB ABS CON
AREA _HOME
	RADIX HEX
	BASE 37D3
	SIZE 01A8
	ATTRIB REL CON
	GLOBALS
		.set_mode	37D3
		.remove_VBL	37E3
		.remove_LCD	37E9
		.remove_TIM	37EF
		.remove_SIO	37F5
		.remove_JOY	37FB
		.add_VBL	3801
		.add_LCD	3807
		.add_TIM	380D
		.add_SIO	3813
		.add_JOY	3819
		.remove_int	381F
		.add_int	383E
		.wait_vbl_done	385A
		_wait_vbl_done	385A
		_display_off	3871
		.display_off	3871
		.serial_IO	3892
		_mode	38C1
		_get_mode	38CA
		_enable_interrupts	38CF
		_disable_interrupts	38D1
		_reset	38D3
		.reset	38D3
		_set_interrupts	38D9
		_remove_VBL	38E4
		_remove_LCD	38EF
		_remove_TIM	38FA
		_remove_SIO	3905
		_remove_JOY	3910
		_add_VBL	391B
		_add_LCD	3926
		_add_TIM	3931
		_add_SIO	393C
		_add_JOY	3947
		_clock	3952
		__printTStates	395B
		banked_call	395C
		banked_ret	3973
AREA _BASE
	RADIX HEX
	BASE 397B
	SIZE 019A
	ATTRIB REL CON
	GLOBALS
		.set_sprite_prop	397B
		_set_sprite_prop	3988
		.mv_sprite	3993
		_move_sprite	39A2
		_set_win_data	39AF
		_set_bkg_data	39AF
		_set_sprite_data	39B7
		.scroll_sprite	3A2D
		_scroll_sprite	3A3E
		.padup	3A4B
		_waitpadup	3A4B
		.jpad	3A5B
		.wait_pad	3A88
		_joypad	3A8F
		_waitpad	3A94
		.set_sprite_tile	3A9E
		_set_sprite_tile	3AAB
		_set_sprite_palette	3AB6
		_set_bkg_palette	3ABB
		.set_palette	3ABE
		.get_sprite_prop	3ADD
		_get_sprite_prop	3AEA
		.copy_vram	3AF3
		_get_data	3B02
		_set_data	3B02
AREA _LIT
	RADIX HEX
	BASE 3B15
	SIZE 0000
	ATTRIB REL CON
AREA _GSINIT
	RADIX HEX
	BASE 3B15
	SIZE 00B8
	ATTRIB REL CON
	GLOBALS
		gsinit	3B15
AREA _GSINITTAIL
	RADIX HEX
	BASE 3BCD
	SIZE 0001
	ATTRIB REL CON
AREA _GSFINAL
	RADIX HEX
	BASE 3BCE
	SIZE 0000
	ATTRIB REL CON
AREA _DATA
	RADIX HEX
	BASE C0A0
	SIZE 0033
	ATTRIB REL CON
	GLOBALS
		_TetrominosCGB	C0A0
		_Tetrominos	C0A2
		_spawnPositionx	C0C2
		_spawnPositiony	C0C3
		_keyDown	C0C4
		_activePiece	C0C5
AREA _BSS
	RADIX HEX
	BASE C0D3
	SIZE 0058
	ATTRIB REL CON
	GLOBALS
		__cpu	C0D3
		.mode	C0D4
		__io_out	C0D5
		__io_in	C0D6
		__io_status	C0D7
		.vbl_done	C0D8
		_sys_time	C0D9
		.sys_time	C0D9
		.int_0x40	C0DB
		.int_0x48	C0EB
		.int_0x50	C0FB
		.int_0x58	C10B
		.int_0x60	C11B
AREA _HEAP
	RADIX HEX
	BASE C12B
	SIZE 0000
	ATTRIB REL CON
	GLOBALS
		_malloc_heap_start	C12B
AREA _HRAM13
	RADIX HEX
	BASE 0000
	SIZE 0001
	ATTRIB ABS CON
	GLOBALS
		__current_bank	FF90
AREA _SFR0
	RADIX HEX
	BASE 0000
	SIZE 0001
	ATTRIB ABS CON
	GLOBALS
		_P1_REG	FF00
AREA _SFR1
	RADIX HEX
	BASE 0000
	SIZE 0001
	ATTRIB ABS CON
	GLOBALS
		_SB_REG	FF01
AREA _SFR2
	RADIX HEX
	BASE 0000
	SIZE 0001
	ATTRIB ABS CON
	GLOBALS
		_SC_REG	FF02
AREA _SFR3
	RADIX HEX
	BASE 0000
	SIZE 0001
	ATTRIB ABS CON
	GLOBALS
		_DIV_REG	FF04
AREA _SFR4
	RADIX HEX
	BASE 0000
	SIZE 0001
	ATTRIB ABS CON
	GLOBALS
		_TIMA_REG	FF05
AREA _SFR5
	RADIX HEX
	BASE 0000
	SIZE 0001
	ATTRIB ABS CON
	GLOBALS
		_TMA_REG	FF06
AREA _SFR6
	RADIX HEX
	BASE 0000
	SIZE 0001
	ATTRIB ABS CON
	GLOBALS
		_TAC_REG	FF07
AREA _SFR7
	RADIX HEX
	BASE 0000
	SIZE 0001
	ATTRIB ABS CON
	GLOBALS
		_IF_REG	FF0F
AREA _SFR8
	RADIX HEX
	BASE 0000
	SIZE 0001
	ATTRIB ABS CON
	GLOBALS
		_NR10_REG	FF10
AREA _SFR9
	RADIX HEX
	BASE 0000
	SIZE 0001
	ATTRIB ABS CON
	GLOBALS
		_NR11_REG	FF11
AREA _SFRa
	RADIX HEX
	BASE 0000
	SIZE 0001
	ATTRIB ABS CON
	GLOBALS
		_NR12_REG	FF12
AREA _SFRb
	RADIX HEX
	BASE 0000
	SIZE 0001
	ATTRIB ABS CON
	GLOBALS
		_NR13_REG	FF13
AREA _SFRc
	RADIX HEX
	BASE 0000
	SIZE 0001
	ATTRIB ABS CON
	GLOBALS
		_NR14_REG	FF14
AREA _SFRd
	RADIX HEX
	BASE 0000
	SIZE 0001
	ATTRIB ABS CON
	GLOBALS
		_NR21_REG	FF16
AREA _SFRe
	RADIX HEX
	BASE 0000
	SIZE 0001
	ATTRIB ABS CON
	GLOBALS
		_NR22_REG	FF17
AREA _SFRf
	RADIX HEX
	BASE 0000
	SIZE 0001
	ATTRIB ABS CON
	GLOBALS
		_NR23_REG	FF18
AREA _SFR10
	RADIX HEX
	BASE 0000
	SIZE 0001
	ATTRIB ABS CON
	GLOBALS
		_NR24_REG	FF19
AREA _SFR11
	RADIX HEX
	BASE 0000
	SIZE 0001
	ATTRIB ABS CON
	GLOBALS
		_NR30_REG	FF1A
AREA _SFR12
	RADIX HEX
	BASE 0000
	SIZE 0001
	ATTRIB ABS CON
	GLOBALS
		_NR31_REG	FF1B
AREA _SFR13
	RADIX HEX
	BASE 0000
	SIZE 0001
	ATTRIB ABS CON
	GLOBALS
		_NR32_REG	FF1C
AREA _SFR14
	RADIX HEX
	BASE 0000
	SIZE 0001
	ATTRIB ABS CON
	GLOBALS
		_NR33_REG	FF1D
AREA _SFR15
	RADIX HEX
	BASE 0000
	SIZE 0001
	ATTRIB ABS CON
	GLOBALS
		_NR34_REG	FF1E
AREA _SFR16
	RADIX HEX
	BASE 0000
	SIZE 0001
	ATTRIB ABS CON
	GLOBALS
		_NR41_REG	FF20
AREA _SFR17
	RADIX HEX
	BASE 0000
	SIZE 0001
	ATTRIB ABS CON
	GLOBALS
		_NR42_REG	FF21
AREA _SFR18
	RADIX HEX
	BASE 0000
	SIZE 0001
	ATTRIB ABS CON
	GLOBALS
		_NR43_REG	FF22
AREA _SFR19
	RADIX HEX
	BASE 0000
	SIZE 0001
	ATTRIB ABS CON
	GLOBALS
		_NR44_REG	FF23
AREA _SFR1a
	RADIX HEX
	BASE 0000
	SIZE 0001
	ATTRIB ABS CON
	GLOBALS
		_NR50_REG	FF24
AREA _SFR1b
	RADIX HEX
	BASE 0000
	SIZE 0001
	ATTRIB ABS CON
	GLOBALS
		_NR51_REG	FF25
AREA _SFR1c
	RADIX HEX
	BASE 0000
	SIZE 0001
	ATTRIB ABS CON
	GLOBALS
		_NR52_REG	FF26
AREA _SFR1d
	RADIX HEX
	BASE 0000
	SIZE 0001
	ATTRIB ABS CON
	GLOBALS
		_LCDC_REG	FF40
AREA _SFR1e
	RADIX HEX
	BASE 0000
	SIZE 0001
	ATTRIB ABS CON
	GLOBALS
		_STAT_REG	FF41
AREA _SFR1f
	RADIX HEX
	BASE 0000
	SIZE 0001
	ATTRIB ABS CON
	GLOBALS
		_SCY_REG	FF42
AREA _SFR20
	RADIX HEX
	BASE 0000
	SIZE 0001
	ATTRIB ABS CON
	GLOBALS
		_SCX_REG	FF43
AREA _SFR21
	RADIX HEX
	BASE 0000
	SIZE 0001
	ATTRIB ABS CON
	GLOBALS
		_LY_REG	FF44
AREA _SFR22
	RADIX HEX
	BASE 0000
	SIZE 0001
	ATTRIB ABS CON
	GLOBALS
		_LYC_REG	FF45
AREA _SFR23
	RADIX HEX
	BASE 0000
	SIZE 0001
	ATTRIB ABS CON
	GLOBALS
		_DMA_REG	FF46
AREA _SFR24
	RADIX HEX
	BASE 0000
	SIZE 0001
	ATTRIB ABS CON
	GLOBALS
		_BGP_REG	FF47
AREA _SFR25
	RADIX HEX
	BASE 0000
	SIZE 0001
	ATTRIB ABS CON
	GLOBALS
		_OBP0_REG	FF48
AREA _SFR26
	RADIX HEX
	BASE 0000
	SIZE 0001
	ATTRIB ABS CON
	GLOBALS
		_OBP1_REG	FF49
AREA _SFR27
	RADIX HEX
	BASE 0000
	SIZE 0001
	ATTRIB ABS CON
	GLOBALS
		_WY_REG	FF4A
AREA _SFR28
	RADIX HEX
	BASE 0000
	SIZE 0001
	ATTRIB ABS CON
	GLOBALS
		_WX_REG	FF4B
AREA _SFR29
	RADIX HEX
	BASE 0000
	SIZE 0001
	ATTRIB ABS CON
	GLOBALS
		_KEY1_REG	FF4D
AREA _SFR2a
	RADIX HEX
	BASE 0000
	SIZE 0001
	ATTRIB ABS CON
	GLOBALS
		_VBK_REG	FF4F
AREA _SFR2b
	RADIX HEX
	BASE 0000
	SIZE 0001
	ATTRIB ABS CON
	GLOBALS
		_HDMA1_REG	FF51
AREA _SFR2c
	RADIX HEX
	BASE 0000
	SIZE 0001
	ATTRIB ABS CON
	GLOBALS
		_HDMA2_REG	FF52
AREA _SFR2d
	RADIX HEX
	BASE 0000
	SIZE 0001
	ATTRIB ABS CON
	GLOBALS
		_HDMA3_REG	FF53
AREA _SFR2e
	RADIX HEX
	BASE 0000
	SIZE 0001
	ATTRIB ABS CON
	GLOBALS
		_HDMA4_REG	FF54
AREA _SFR2f
	RADIX HEX
	BASE 0000
	SIZE 0001
	ATTRIB ABS CON
	GLOBALS
		_HDMA5_REG	FF55
AREA _SFR30
	RADIX HEX
	BASE 0000
	SIZE 0001
	ATTRIB ABS CON
	GLOBALS
		_RP_REG	FF56
AREA _SFR31
	RADIX HEX
	BASE 0000
	SIZE 0001
	ATTRIB ABS CON
	GLOBALS
		_BCPS_REG	FF68
AREA _SFR32
	RADIX HEX
	BASE 0000
	SIZE 0001
	ATTRIB ABS CON
	GLOBALS
		_BCPD_REG	FF69
AREA _SFR33
	RADIX HEX
	BASE 0000
	SIZE 0001
	ATTRIB ABS CON
	GLOBALS
		_OCPS_REG	FF6A
AREA _SFR34
	RADIX HEX
	BASE 0000
	SIZE 0001
	ATTRIB ABS CON
	GLOBALS
		_OCPD_REG	FF6B
AREA _SFR35
	RADIX HEX
	BASE 0000
	SIZE 0001
	ATTRIB ABS CON
	GLOBALS
		_SVBK_REG	FF70
AREA _SFR36
	RADIX HEX
	BASE 0000
	SIZE 0001
	ATTRIB ABS CON
	GLOBALS
		_IE_REG	FFFF
AREA .  .ABS.
	RADIX HEX
	BASE 0000
	SIZE 0000
	ATTRIB ABS OVR
	GLOBALS
		.__.ABS.	0000
MODULES
	FILE c:\gbdk\lib/small/asxxxx/gb/crt0.o
		NAME Runtime
	FILE Tetrominos.o
		NAME C__Users_Ashley_AppData_Local_TeèNK8s%
	FILE PieceManipulation.o
		NAME C__Users_Ashley_AppData_Local_Te
	FILE main.o
		NAME C__Users_Ashley_AppData_Local_Te˜NC8∞$
LIBRARIES
	LIBRARY c:\gbdk\lib/small/asxxxx/gb/gb.lib
		MODULE set_prop.o
	LIBRARY c:\gbdk\lib/small/asxxxx/gb/gb.lib
		MODULE mv_spr.o
	LIBRARY c:\gbdk\lib/small/asxxxx/gb/gb.lib
		MODULE sfr.o
	LIBRARY c:\gbdk\lib/small/asxxxx/gb/gb.lib
		MODULE set_data.o
	LIBRARY c:\gbdk\lib/small/asxxxx/gb/gb.lib
		MODULE scroll_s.o
	LIBRARY c:\gbdk\lib/small/asxxxx/gb/gb.lib
		MODULE pad.o
	LIBRARY c:\gbdk\lib/small/asxxxx/gb/gb.lib
		MODULE set_spr.o
	LIBRARY c:\gbdk\lib/small/asxxxx/gb/gb.lib
		MODULE cgb.o
	LIBRARY c:\gbdk\lib/small/asxxxx/gb/gb.lib
		MODULE get_prop.o
	LIBRARY c:\gbdk\lib/small/asxxxx/gb/gb.lib
		MODULE cpy_data.o
USERBASEDEF
	_CODE=0x0200
	_DATA=0xC0A0
	_CODE_1=0x4000
USERGLOBALDEF
	.OAM=0xC000
	.STACK=0xE000
	.refresh_OAM=0xFF80
	.init=0x0000
